#-----------------------------------------------------------
# PlanAhead v14.7 (64-bit)
# Build 321239 by xbuild on Fri Sep 27 19:29:51 MDT 2013
# Start of session at: Tue Nov 17 11:03:13 2020
# Process ID: 11080
# Log file: D:/JavierJr/Documents/ISD/AgoDic20/ArquitecturaDeComputadoras/Lab/Projects/P09_Leds/Leds/planAhead_run_1/planAhead.log
# Journal file: D:/JavierJr/Documents/ISD/AgoDic20/ArquitecturaDeComputadoras/Lab/Projects/P09_Leds/Leds/planAhead_run_1/planAhead.jou
#-----------------------------------------------------------
start_gui
source D:/JavierJr/Documents/ISD/AgoDic20/ArquitecturaDeComputadoras/Lab/Projects/P09_Leds/Leds/pa.fromNetlist.tcl
startgroup
set_property package_pin U16 [get_ports {LED[0]}]
endgroup
startgroup
set_property package_pin V16 [get_ports {LED[1]}]
endgroup
startgroup
set_property package_pin U15 [get_ports {LED[2]}]
endgroup
startgroup
set_property package_pin V15 [get_ports {LED[3]}]
endgroup
startgroup
set_property package_pin M11 [get_ports {LED[4]}]
endgroup
startgroup
set_property package_pin N11 [get_ports {LED[5]}]
endgroup
startgroup
set_property package_pin R11 [get_ports {LED[6]}]
endgroup
startgroup
set_property package_pin T11 [get_ports {LED[7]}]
endgroup
set_property package_pin "" [get_ports [list  {LED[8]}]]
startgroup
set_property package_pin C4 [get_ports {Buttons[0]}]
endgroup
startgroup
set_property package_pin D9 [get_ports {Buttons[1]}]
endgroup
startgroup
set_property package_pin A8 [get_ports {Buttons[2]}]
endgroup
startgroup
set_property package_pin C9 [get_ports {Buttons[3]}]
endgroup
startgroup
set_property package_pin B8 [get_ports {Buttons[4]}]
endgroup
set_property package_pin "" [get_ports [list  {Buttons[5]}]]
save_constraints
