--------------------------------------------------------------------------------
Release 14.7 Trace  (nt64)
Copyright (c) 1995-2013 Xilinx, Inc.  All rights reserved.

D:\Xilinx\14.7\ISE_DS\ISE\bin\nt64\unwrapped\trce.exe -intstyle ise -v 3 -s 3
-n 3 -fastpaths -xml adder.twx adder.ncd -o adder.twr adder.pcf

Design file:              adder.ncd
Physical constraint file: adder.pcf
Device,package,speed:     xc6slx16,csg324,C,-3 (PRODUCTION 1.23 2013-10-13)
Report level:             verbose report

Environment Variable      Effect 
--------------------      ------ 
NONE                      No environment variables were set
--------------------------------------------------------------------------------

INFO:Timing:2698 - No timing constraints found, doing default enumeration.
INFO:Timing:3412 - To improve timing, see the Timing Closure User Guide (UG612).
INFO:Timing:2752 - To get complete path coverage, use the unconstrained paths 
   option. All paths that are not constrained will be reported in the 
   unconstrained paths section(s) of the report.
INFO:Timing:3339 - The clock-to-out numbers in this timing report are based on 
   a 50 Ohm transmission line loading model.  For the details of this model, 
   and for more information on accounting for different loading conditions, 
   please see the device datasheet.



Data Sheet report:
-----------------
All values displayed in nanoseconds (ns)

Pad to Pad
---------------+---------------+---------+
Source Pad     |Destination Pad|  Delay  |
---------------+---------------+---------+
NUM1<0>        |SUM<0>         |   11.906|
NUM1<0>        |SUM<1>         |   11.952|
NUM1<0>        |SUM<2>         |   11.744|
NUM1<0>        |SUM<3>         |   11.757|
NUM1<0>        |SUM<4>         |   12.001|
NUM1<0>        |SUM<5>         |   12.008|
NUM1<0>        |SUM<6>         |   11.774|
NUM1<0>        |SUM<7>         |   11.725|
NUM1<0>        |SUM<8>         |   11.684|
NUM1<0>        |SUM<9>         |   11.750|
NUM1<0>        |SUM<10>        |   11.574|
NUM1<0>        |SUM<11>        |   11.635|
NUM1<0>        |SUM<12>        |   10.932|
NUM1<0>        |SUM<13>        |   10.995|
NUM1<0>        |SUM<14>        |   10.943|
NUM1<0>        |SUM<15>        |   11.162|
NUM1<0>        |SUM<16>        |   10.742|
NUM1<0>        |SUM<17>        |   10.902|
NUM1<0>        |SUM<18>        |   10.871|
NUM1<0>        |SUM<19>        |   11.123|
NUM1<0>        |SUM<20>        |   11.017|
NUM1<0>        |SUM<21>        |   10.981|
NUM1<0>        |SUM<22>        |   10.746|
NUM1<0>        |SUM<23>        |   10.944|
NUM1<0>        |SUM<24>        |   10.900|
NUM1<0>        |SUM<25>        |   10.856|
NUM1<0>        |SUM<26>        |   11.609|
NUM1<0>        |SUM<27>        |   11.597|
NUM1<0>        |SUM<28>        |   11.503|
NUM1<0>        |SUM<29>        |   11.593|
NUM1<0>        |SUM<30>        |   11.904|
NUM1<0>        |SUM<31>        |   11.768|
NUM1<1>        |SUM<1>         |   12.176|
NUM1<1>        |SUM<2>         |   12.020|
NUM1<1>        |SUM<3>         |   12.049|
NUM1<1>        |SUM<4>         |   12.289|
NUM1<1>        |SUM<5>         |   12.296|
NUM1<1>        |SUM<6>         |   12.062|
NUM1<1>        |SUM<7>         |   12.013|
NUM1<1>        |SUM<8>         |   11.972|
NUM1<1>        |SUM<9>         |   12.038|
NUM1<1>        |SUM<10>        |   11.862|
NUM1<1>        |SUM<11>        |   11.923|
NUM1<1>        |SUM<12>        |   11.220|
NUM1<1>        |SUM<13>        |   11.283|
NUM1<1>        |SUM<14>        |   11.231|
NUM1<1>        |SUM<15>        |   11.450|
NUM1<1>        |SUM<16>        |   11.030|
NUM1<1>        |SUM<17>        |   11.190|
NUM1<1>        |SUM<18>        |   11.159|
NUM1<1>        |SUM<19>        |   11.411|
NUM1<1>        |SUM<20>        |   11.305|
NUM1<1>        |SUM<21>        |   11.269|
NUM1<1>        |SUM<22>        |   11.034|
NUM1<1>        |SUM<23>        |   11.232|
NUM1<1>        |SUM<24>        |   11.188|
NUM1<1>        |SUM<25>        |   11.144|
NUM1<1>        |SUM<26>        |   11.897|
NUM1<1>        |SUM<27>        |   11.885|
NUM1<1>        |SUM<28>        |   11.791|
NUM1<1>        |SUM<29>        |   11.881|
NUM1<1>        |SUM<30>        |   12.192|
NUM1<1>        |SUM<31>        |   12.056|
NUM1<2>        |SUM<2>         |   11.775|
NUM1<2>        |SUM<3>         |   11.781|
NUM1<2>        |SUM<4>         |   12.054|
NUM1<2>        |SUM<5>         |   12.061|
NUM1<2>        |SUM<6>         |   11.827|
NUM1<2>        |SUM<7>         |   11.778|
NUM1<2>        |SUM<8>         |   11.737|
NUM1<2>        |SUM<9>         |   11.803|
NUM1<2>        |SUM<10>        |   11.627|
NUM1<2>        |SUM<11>        |   11.688|
NUM1<2>        |SUM<12>        |   10.985|
NUM1<2>        |SUM<13>        |   11.048|
NUM1<2>        |SUM<14>        |   10.996|
NUM1<2>        |SUM<15>        |   11.215|
NUM1<2>        |SUM<16>        |   10.795|
NUM1<2>        |SUM<17>        |   10.955|
NUM1<2>        |SUM<18>        |   10.924|
NUM1<2>        |SUM<19>        |   11.176|
NUM1<2>        |SUM<20>        |   11.070|
NUM1<2>        |SUM<21>        |   11.034|
NUM1<2>        |SUM<22>        |   10.799|
NUM1<2>        |SUM<23>        |   10.997|
NUM1<2>        |SUM<24>        |   10.953|
NUM1<2>        |SUM<25>        |   10.909|
NUM1<2>        |SUM<26>        |   11.662|
NUM1<2>        |SUM<27>        |   11.650|
NUM1<2>        |SUM<28>        |   11.556|
NUM1<2>        |SUM<29>        |   11.646|
NUM1<2>        |SUM<30>        |   11.957|
NUM1<2>        |SUM<31>        |   11.821|
NUM1<3>        |SUM<3>         |   11.551|
NUM1<3>        |SUM<4>         |   11.931|
NUM1<3>        |SUM<5>         |   11.938|
NUM1<3>        |SUM<6>         |   11.704|
NUM1<3>        |SUM<7>         |   11.655|
NUM1<3>        |SUM<8>         |   11.614|
NUM1<3>        |SUM<9>         |   11.680|
NUM1<3>        |SUM<10>        |   11.504|
NUM1<3>        |SUM<11>        |   11.565|
NUM1<3>        |SUM<12>        |   10.862|
NUM1<3>        |SUM<13>        |   10.925|
NUM1<3>        |SUM<14>        |   10.873|
NUM1<3>        |SUM<15>        |   11.092|
NUM1<3>        |SUM<16>        |   10.672|
NUM1<3>        |SUM<17>        |   10.832|
NUM1<3>        |SUM<18>        |   10.801|
NUM1<3>        |SUM<19>        |   11.053|
NUM1<3>        |SUM<20>        |   10.947|
NUM1<3>        |SUM<21>        |   10.911|
NUM1<3>        |SUM<22>        |   10.676|
NUM1<3>        |SUM<23>        |   10.874|
NUM1<3>        |SUM<24>        |   10.830|
NUM1<3>        |SUM<25>        |   10.786|
NUM1<3>        |SUM<26>        |   11.539|
NUM1<3>        |SUM<27>        |   11.527|
NUM1<3>        |SUM<28>        |   11.433|
NUM1<3>        |SUM<29>        |   11.523|
NUM1<3>        |SUM<30>        |   11.834|
NUM1<3>        |SUM<31>        |   11.698|
NUM1<4>        |SUM<4>         |   11.747|
NUM1<4>        |SUM<5>         |   11.733|
NUM1<4>        |SUM<6>         |   11.628|
NUM1<4>        |SUM<7>         |   11.567|
NUM1<4>        |SUM<8>         |   11.565|
NUM1<4>        |SUM<9>         |   11.631|
NUM1<4>        |SUM<10>        |   11.455|
NUM1<4>        |SUM<11>        |   11.516|
NUM1<4>        |SUM<12>        |   10.813|
NUM1<4>        |SUM<13>        |   10.876|
NUM1<4>        |SUM<14>        |   10.824|
NUM1<4>        |SUM<15>        |   11.043|
NUM1<4>        |SUM<16>        |   10.623|
NUM1<4>        |SUM<17>        |   10.783|
NUM1<4>        |SUM<18>        |   10.752|
NUM1<4>        |SUM<19>        |   11.004|
NUM1<4>        |SUM<20>        |   10.898|
NUM1<4>        |SUM<21>        |   10.862|
NUM1<4>        |SUM<22>        |   10.627|
NUM1<4>        |SUM<23>        |   10.825|
NUM1<4>        |SUM<24>        |   10.781|
NUM1<4>        |SUM<25>        |   10.737|
NUM1<4>        |SUM<26>        |   11.490|
NUM1<4>        |SUM<27>        |   11.478|
NUM1<4>        |SUM<28>        |   11.384|
NUM1<4>        |SUM<29>        |   11.474|
NUM1<4>        |SUM<30>        |   11.785|
NUM1<4>        |SUM<31>        |   11.649|
NUM1<5>        |SUM<5>         |   11.569|
NUM1<5>        |SUM<6>         |   11.516|
NUM1<5>        |SUM<7>         |   11.471|
NUM1<5>        |SUM<8>         |   11.465|
NUM1<5>        |SUM<9>         |   11.531|
NUM1<5>        |SUM<10>        |   11.355|
NUM1<5>        |SUM<11>        |   11.416|
NUM1<5>        |SUM<12>        |   10.713|
NUM1<5>        |SUM<13>        |   10.776|
NUM1<5>        |SUM<14>        |   10.724|
NUM1<5>        |SUM<15>        |   10.943|
NUM1<5>        |SUM<16>        |   10.523|
NUM1<5>        |SUM<17>        |   10.683|
NUM1<5>        |SUM<18>        |   10.652|
NUM1<5>        |SUM<19>        |   10.904|
NUM1<5>        |SUM<20>        |   10.798|
NUM1<5>        |SUM<21>        |   10.762|
NUM1<5>        |SUM<22>        |   10.527|
NUM1<5>        |SUM<23>        |   10.725|
NUM1<5>        |SUM<24>        |   10.681|
NUM1<5>        |SUM<25>        |   10.637|
NUM1<5>        |SUM<26>        |   11.390|
NUM1<5>        |SUM<27>        |   11.378|
NUM1<5>        |SUM<28>        |   11.284|
NUM1<5>        |SUM<29>        |   11.374|
NUM1<5>        |SUM<30>        |   11.685|
NUM1<5>        |SUM<31>        |   11.549|
NUM1<6>        |SUM<6>         |   11.230|
NUM1<6>        |SUM<7>         |   11.162|
NUM1<6>        |SUM<8>         |   11.189|
NUM1<6>        |SUM<9>         |   11.255|
NUM1<6>        |SUM<10>        |   11.079|
NUM1<6>        |SUM<11>        |   11.140|
NUM1<6>        |SUM<12>        |   10.437|
NUM1<6>        |SUM<13>        |   10.500|
NUM1<6>        |SUM<14>        |   10.448|
NUM1<6>        |SUM<15>        |   10.667|
NUM1<6>        |SUM<16>        |   10.247|
NUM1<6>        |SUM<17>        |   10.407|
NUM1<6>        |SUM<18>        |   10.376|
NUM1<6>        |SUM<19>        |   10.628|
NUM1<6>        |SUM<20>        |   10.522|
NUM1<6>        |SUM<21>        |   10.486|
NUM1<6>        |SUM<22>        |   10.251|
NUM1<6>        |SUM<23>        |   10.449|
NUM1<6>        |SUM<24>        |   10.405|
NUM1<6>        |SUM<25>        |   10.361|
NUM1<6>        |SUM<26>        |   11.114|
NUM1<6>        |SUM<27>        |   11.102|
NUM1<6>        |SUM<28>        |   11.008|
NUM1<6>        |SUM<29>        |   11.098|
NUM1<6>        |SUM<30>        |   11.409|
NUM1<6>        |SUM<31>        |   11.273|
NUM1<7>        |SUM<7>         |   11.033|
NUM1<7>        |SUM<8>         |   11.086|
NUM1<7>        |SUM<9>         |   11.152|
NUM1<7>        |SUM<10>        |   10.976|
NUM1<7>        |SUM<11>        |   11.037|
NUM1<7>        |SUM<12>        |   10.334|
NUM1<7>        |SUM<13>        |   10.397|
NUM1<7>        |SUM<14>        |   10.345|
NUM1<7>        |SUM<15>        |   10.564|
NUM1<7>        |SUM<16>        |   10.144|
NUM1<7>        |SUM<17>        |   10.304|
NUM1<7>        |SUM<18>        |   10.273|
NUM1<7>        |SUM<19>        |   10.525|
NUM1<7>        |SUM<20>        |   10.419|
NUM1<7>        |SUM<21>        |   10.383|
NUM1<7>        |SUM<22>        |   10.148|
NUM1<7>        |SUM<23>        |   10.346|
NUM1<7>        |SUM<24>        |   10.302|
NUM1<7>        |SUM<25>        |   10.258|
NUM1<7>        |SUM<26>        |   11.011|
NUM1<7>        |SUM<27>        |   10.999|
NUM1<7>        |SUM<28>        |   10.905|
NUM1<7>        |SUM<29>        |   10.995|
NUM1<7>        |SUM<30>        |   11.306|
NUM1<7>        |SUM<31>        |   11.170|
NUM1<8>        |SUM<8>         |   10.852|
NUM1<8>        |SUM<9>         |   10.897|
NUM1<8>        |SUM<10>        |   10.850|
NUM1<8>        |SUM<11>        |   10.899|
NUM1<8>        |SUM<12>        |   10.235|
NUM1<8>        |SUM<13>        |   10.298|
NUM1<8>        |SUM<14>        |   10.246|
NUM1<8>        |SUM<15>        |   10.465|
NUM1<8>        |SUM<16>        |   10.045|
NUM1<8>        |SUM<17>        |   10.205|
NUM1<8>        |SUM<18>        |   10.174|
NUM1<8>        |SUM<19>        |   10.426|
NUM1<8>        |SUM<20>        |   10.320|
NUM1<8>        |SUM<21>        |   10.284|
NUM1<8>        |SUM<22>        |   10.049|
NUM1<8>        |SUM<23>        |   10.247|
NUM1<8>        |SUM<24>        |   10.203|
NUM1<8>        |SUM<25>        |   10.159|
NUM1<8>        |SUM<26>        |   10.912|
NUM1<8>        |SUM<27>        |   10.900|
NUM1<8>        |SUM<28>        |   10.806|
NUM1<8>        |SUM<29>        |   10.896|
NUM1<8>        |SUM<30>        |   11.207|
NUM1<8>        |SUM<31>        |   11.071|
NUM1<9>        |SUM<9>         |   11.081|
NUM1<9>        |SUM<10>        |   11.086|
NUM1<9>        |SUM<11>        |   11.151|
NUM1<9>        |SUM<12>        |   10.483|
NUM1<9>        |SUM<13>        |   10.546|
NUM1<9>        |SUM<14>        |   10.494|
NUM1<9>        |SUM<15>        |   10.713|
NUM1<9>        |SUM<16>        |   10.293|
NUM1<9>        |SUM<17>        |   10.453|
NUM1<9>        |SUM<18>        |   10.422|
NUM1<9>        |SUM<19>        |   10.674|
NUM1<9>        |SUM<20>        |   10.568|
NUM1<9>        |SUM<21>        |   10.532|
NUM1<9>        |SUM<22>        |   10.297|
NUM1<9>        |SUM<23>        |   10.495|
NUM1<9>        |SUM<24>        |   10.451|
NUM1<9>        |SUM<25>        |   10.407|
NUM1<9>        |SUM<26>        |   11.160|
NUM1<9>        |SUM<27>        |   11.148|
NUM1<9>        |SUM<28>        |   11.054|
NUM1<9>        |SUM<29>        |   11.144|
NUM1<9>        |SUM<30>        |   11.455|
NUM1<9>        |SUM<31>        |   11.319|
NUM1<10>       |SUM<10>        |   10.321|
NUM1<10>       |SUM<11>        |   10.508|
NUM1<10>       |SUM<12>        |    9.836|
NUM1<10>       |SUM<13>        |    9.899|
NUM1<10>       |SUM<14>        |    9.847|
NUM1<10>       |SUM<15>        |   10.066|
NUM1<10>       |SUM<16>        |    9.646|
NUM1<10>       |SUM<17>        |    9.806|
NUM1<10>       |SUM<18>        |    9.775|
NUM1<10>       |SUM<19>        |   10.027|
NUM1<10>       |SUM<20>        |    9.921|
NUM1<10>       |SUM<21>        |    9.885|
NUM1<10>       |SUM<22>        |    9.650|
NUM1<10>       |SUM<23>        |    9.848|
NUM1<10>       |SUM<24>        |    9.804|
NUM1<10>       |SUM<25>        |    9.760|
NUM1<10>       |SUM<26>        |   10.513|
NUM1<10>       |SUM<27>        |   10.501|
NUM1<10>       |SUM<28>        |   10.407|
NUM1<10>       |SUM<29>        |   10.497|
NUM1<10>       |SUM<30>        |   10.808|
NUM1<10>       |SUM<31>        |   10.672|
NUM1<11>       |SUM<11>        |   11.124|
NUM1<11>       |SUM<12>        |   10.515|
NUM1<11>       |SUM<13>        |   10.578|
NUM1<11>       |SUM<14>        |   10.526|
NUM1<11>       |SUM<15>        |   10.745|
NUM1<11>       |SUM<16>        |   10.325|
NUM1<11>       |SUM<17>        |   10.485|
NUM1<11>       |SUM<18>        |   10.454|
NUM1<11>       |SUM<19>        |   10.706|
NUM1<11>       |SUM<20>        |   10.600|
NUM1<11>       |SUM<21>        |   10.564|
NUM1<11>       |SUM<22>        |   10.329|
NUM1<11>       |SUM<23>        |   10.527|
NUM1<11>       |SUM<24>        |   10.483|
NUM1<11>       |SUM<25>        |   10.439|
NUM1<11>       |SUM<26>        |   11.192|
NUM1<11>       |SUM<27>        |   11.180|
NUM1<11>       |SUM<28>        |   11.086|
NUM1<11>       |SUM<29>        |   11.176|
NUM1<11>       |SUM<30>        |   11.487|
NUM1<11>       |SUM<31>        |   11.351|
NUM1<12>       |SUM<12>        |    9.842|
NUM1<12>       |SUM<13>        |    9.884|
NUM1<12>       |SUM<14>        |    9.961|
NUM1<12>       |SUM<15>        |   10.168|
NUM1<12>       |SUM<16>        |    9.787|
NUM1<12>       |SUM<17>        |    9.947|
NUM1<12>       |SUM<18>        |    9.916|
NUM1<12>       |SUM<19>        |   10.168|
NUM1<12>       |SUM<20>        |   10.062|
NUM1<12>       |SUM<21>        |   10.026|
NUM1<12>       |SUM<22>        |    9.791|
NUM1<12>       |SUM<23>        |    9.989|
NUM1<12>       |SUM<24>        |    9.945|
NUM1<12>       |SUM<25>        |    9.901|
NUM1<12>       |SUM<26>        |   10.654|
NUM1<12>       |SUM<27>        |   10.642|
NUM1<12>       |SUM<28>        |   10.548|
NUM1<12>       |SUM<29>        |   10.638|
NUM1<12>       |SUM<30>        |   10.949|
NUM1<12>       |SUM<31>        |   10.813|
NUM1<13>       |SUM<13>        |    9.722|
NUM1<13>       |SUM<14>        |    9.851|
NUM1<13>       |SUM<15>        |   10.074|
NUM1<13>       |SUM<16>        |    9.689|
NUM1<13>       |SUM<17>        |    9.849|
NUM1<13>       |SUM<18>        |    9.818|
NUM1<13>       |SUM<19>        |   10.070|
NUM1<13>       |SUM<20>        |    9.964|
NUM1<13>       |SUM<21>        |    9.928|
NUM1<13>       |SUM<22>        |    9.693|
NUM1<13>       |SUM<23>        |    9.891|
NUM1<13>       |SUM<24>        |    9.847|
NUM1<13>       |SUM<25>        |    9.803|
NUM1<13>       |SUM<26>        |   10.556|
NUM1<13>       |SUM<27>        |   10.544|
NUM1<13>       |SUM<28>        |   10.450|
NUM1<13>       |SUM<29>        |   10.540|
NUM1<13>       |SUM<30>        |   10.851|
NUM1<13>       |SUM<31>        |   10.715|
NUM1<14>       |SUM<14>        |   10.314|
NUM1<14>       |SUM<15>        |   10.514|
NUM1<14>       |SUM<16>        |   10.162|
NUM1<14>       |SUM<17>        |   10.322|
NUM1<14>       |SUM<18>        |   10.291|
NUM1<14>       |SUM<19>        |   10.543|
NUM1<14>       |SUM<20>        |   10.437|
NUM1<14>       |SUM<21>        |   10.401|
NUM1<14>       |SUM<22>        |   10.166|
NUM1<14>       |SUM<23>        |   10.364|
NUM1<14>       |SUM<24>        |   10.320|
NUM1<14>       |SUM<25>        |   10.276|
NUM1<14>       |SUM<26>        |   11.029|
NUM1<14>       |SUM<27>        |   11.017|
NUM1<14>       |SUM<28>        |   10.923|
NUM1<14>       |SUM<29>        |   11.013|
NUM1<14>       |SUM<30>        |   11.324|
NUM1<14>       |SUM<31>        |   11.188|
NUM1<15>       |SUM<15>        |    9.695|
NUM1<15>       |SUM<16>        |    9.369|
NUM1<15>       |SUM<17>        |    9.529|
NUM1<15>       |SUM<18>        |    9.498|
NUM1<15>       |SUM<19>        |    9.750|
NUM1<15>       |SUM<20>        |    9.644|
NUM1<15>       |SUM<21>        |    9.608|
NUM1<15>       |SUM<22>        |    9.373|
NUM1<15>       |SUM<23>        |    9.571|
NUM1<15>       |SUM<24>        |    9.527|
NUM1<15>       |SUM<25>        |    9.483|
NUM1<15>       |SUM<26>        |   10.236|
NUM1<15>       |SUM<27>        |   10.224|
NUM1<15>       |SUM<28>        |   10.130|
NUM1<15>       |SUM<29>        |   10.220|
NUM1<15>       |SUM<30>        |   10.531|
NUM1<15>       |SUM<31>        |   10.395|
NUM1<16>       |SUM<16>        |    9.289|
NUM1<16>       |SUM<17>        |    9.428|
NUM1<16>       |SUM<18>        |    9.526|
NUM1<16>       |SUM<19>        |    9.766|
NUM1<16>       |SUM<20>        |    9.699|
NUM1<16>       |SUM<21>        |    9.663|
NUM1<16>       |SUM<22>        |    9.428|
NUM1<16>       |SUM<23>        |    9.626|
NUM1<16>       |SUM<24>        |    9.582|
NUM1<16>       |SUM<25>        |    9.538|
NUM1<16>       |SUM<26>        |   10.291|
NUM1<16>       |SUM<27>        |   10.279|
NUM1<16>       |SUM<28>        |   10.185|
NUM1<16>       |SUM<29>        |   10.275|
NUM1<16>       |SUM<30>        |   10.586|
NUM1<16>       |SUM<31>        |   10.450|
NUM1<17>       |SUM<17>        |    9.058|
NUM1<17>       |SUM<18>        |    9.208|
NUM1<17>       |SUM<19>        |    9.464|
NUM1<17>       |SUM<20>        |    9.393|
NUM1<17>       |SUM<21>        |    9.357|
NUM1<17>       |SUM<22>        |    9.122|
NUM1<17>       |SUM<23>        |    9.320|
NUM1<17>       |SUM<24>        |    9.276|
NUM1<17>       |SUM<25>        |    9.232|
NUM1<17>       |SUM<26>        |    9.985|
NUM1<17>       |SUM<27>        |    9.973|
NUM1<17>       |SUM<28>        |    9.879|
NUM1<17>       |SUM<29>        |    9.969|
NUM1<17>       |SUM<30>        |   10.280|
NUM1<17>       |SUM<31>        |   10.144|
NUM1<18>       |SUM<18>        |    9.065|
NUM1<18>       |SUM<19>        |    9.298|
NUM1<18>       |SUM<20>        |    9.260|
NUM1<18>       |SUM<21>        |    9.224|
NUM1<18>       |SUM<22>        |    8.989|
NUM1<18>       |SUM<23>        |    9.187|
NUM1<18>       |SUM<24>        |    9.143|
NUM1<18>       |SUM<25>        |    9.099|
NUM1<18>       |SUM<26>        |    9.852|
NUM1<18>       |SUM<27>        |    9.840|
NUM1<18>       |SUM<28>        |    9.746|
NUM1<18>       |SUM<29>        |    9.836|
NUM1<18>       |SUM<30>        |   10.147|
NUM1<18>       |SUM<31>        |   10.011|
NUM1<19>       |SUM<19>        |    9.588|
NUM1<19>       |SUM<20>        |    9.576|
NUM1<19>       |SUM<21>        |    9.540|
NUM1<19>       |SUM<22>        |    9.305|
NUM1<19>       |SUM<23>        |    9.503|
NUM1<19>       |SUM<24>        |    9.459|
NUM1<19>       |SUM<25>        |    9.415|
NUM1<19>       |SUM<26>        |   10.168|
NUM1<19>       |SUM<27>        |   10.156|
NUM1<19>       |SUM<28>        |   10.062|
NUM1<19>       |SUM<29>        |   10.152|
NUM1<19>       |SUM<30>        |   10.463|
NUM1<19>       |SUM<31>        |   10.327|
NUM1<20>       |SUM<20>        |    9.439|
NUM1<20>       |SUM<21>        |    9.382|
NUM1<20>       |SUM<22>        |    9.276|
NUM1<20>       |SUM<23>        |    9.462|
NUM1<20>       |SUM<24>        |    9.457|
NUM1<20>       |SUM<25>        |    9.413|
NUM1<20>       |SUM<26>        |   10.166|
NUM1<20>       |SUM<27>        |   10.154|
NUM1<20>       |SUM<28>        |   10.060|
NUM1<20>       |SUM<29>        |   10.150|
NUM1<20>       |SUM<30>        |   10.461|
NUM1<20>       |SUM<31>        |   10.325|
NUM1<21>       |SUM<21>        |    8.941|
NUM1<21>       |SUM<22>        |    8.887|
NUM1<21>       |SUM<23>        |    9.089|
NUM1<21>       |SUM<24>        |    9.080|
NUM1<21>       |SUM<25>        |    9.036|
NUM1<21>       |SUM<26>        |    9.789|
NUM1<21>       |SUM<27>        |    9.777|
NUM1<21>       |SUM<28>        |    9.683|
NUM1<21>       |SUM<29>        |    9.773|
NUM1<21>       |SUM<30>        |   10.084|
NUM1<21>       |SUM<31>        |    9.948|
NUM1<22>       |SUM<22>        |    8.924|
NUM1<22>       |SUM<23>        |    9.103|
NUM1<22>       |SUM<24>        |    9.127|
NUM1<22>       |SUM<25>        |    9.083|
NUM1<22>       |SUM<26>        |    9.836|
NUM1<22>       |SUM<27>        |    9.824|
NUM1<22>       |SUM<28>        |    9.730|
NUM1<22>       |SUM<29>        |    9.820|
NUM1<22>       |SUM<30>        |   10.131|
NUM1<22>       |SUM<31>        |    9.995|
NUM1<23>       |SUM<23>        |    9.850|
NUM1<23>       |SUM<24>        |    9.900|
NUM1<23>       |SUM<25>        |    9.856|
NUM1<23>       |SUM<26>        |   10.609|
NUM1<23>       |SUM<27>        |   10.597|
NUM1<23>       |SUM<28>        |   10.503|
NUM1<23>       |SUM<29>        |   10.593|
NUM1<23>       |SUM<30>        |   10.904|
NUM1<23>       |SUM<31>        |   10.768|
NUM1<24>       |SUM<24>        |    8.714|
NUM1<24>       |SUM<25>        |    8.649|
NUM1<24>       |SUM<26>        |    9.531|
NUM1<24>       |SUM<27>        |    9.507|
NUM1<24>       |SUM<28>        |    9.452|
NUM1<24>       |SUM<29>        |    9.542|
NUM1<24>       |SUM<30>        |    9.853|
NUM1<24>       |SUM<31>        |    9.717|
NUM1<25>       |SUM<25>        |    8.542|
NUM1<25>       |SUM<26>        |    9.476|
NUM1<25>       |SUM<27>        |    9.468|
NUM1<25>       |SUM<28>        |    9.409|
NUM1<25>       |SUM<29>        |    9.499|
NUM1<25>       |SUM<30>        |    9.810|
NUM1<25>       |SUM<31>        |    9.674|
NUM1<26>       |SUM<26>        |    9.579|
NUM1<26>       |SUM<27>        |    9.548|
NUM1<26>       |SUM<28>        |    9.522|
NUM1<26>       |SUM<29>        |    9.612|
NUM1<26>       |SUM<30>        |    9.923|
NUM1<26>       |SUM<31>        |    9.787|
NUM1<27>       |SUM<27>        |    9.812|
NUM1<27>       |SUM<28>        |    9.812|
NUM1<27>       |SUM<29>        |    9.902|
NUM1<27>       |SUM<30>        |   10.213|
NUM1<27>       |SUM<31>        |   10.077|
NUM1<28>       |SUM<28>        |    9.175|
NUM1<28>       |SUM<29>        |    9.244|
NUM1<28>       |SUM<30>        |    9.684|
NUM1<28>       |SUM<31>        |    9.536|
NUM1<29>       |SUM<29>        |    9.220|
NUM1<29>       |SUM<30>        |    9.712|
NUM1<29>       |SUM<31>        |    9.580|
NUM1<30>       |SUM<30>        |    9.985|
NUM1<30>       |SUM<31>        |    9.830|
NUM1<31>       |SUM<31>        |    9.594|
NUM2<0>        |SUM<0>         |   11.574|
NUM2<0>        |SUM<1>         |   11.620|
NUM2<0>        |SUM<2>         |   11.412|
NUM2<0>        |SUM<3>         |   11.425|
NUM2<0>        |SUM<4>         |   11.669|
NUM2<0>        |SUM<5>         |   11.676|
NUM2<0>        |SUM<6>         |   11.442|
NUM2<0>        |SUM<7>         |   11.393|
NUM2<0>        |SUM<8>         |   11.352|
NUM2<0>        |SUM<9>         |   11.418|
NUM2<0>        |SUM<10>        |   11.242|
NUM2<0>        |SUM<11>        |   11.303|
NUM2<0>        |SUM<12>        |   10.600|
NUM2<0>        |SUM<13>        |   10.663|
NUM2<0>        |SUM<14>        |   10.611|
NUM2<0>        |SUM<15>        |   10.830|
NUM2<0>        |SUM<16>        |   10.410|
NUM2<0>        |SUM<17>        |   10.570|
NUM2<0>        |SUM<18>        |   10.539|
NUM2<0>        |SUM<19>        |   10.791|
NUM2<0>        |SUM<20>        |   10.685|
NUM2<0>        |SUM<21>        |   10.649|
NUM2<0>        |SUM<22>        |   10.414|
NUM2<0>        |SUM<23>        |   10.612|
NUM2<0>        |SUM<24>        |   10.568|
NUM2<0>        |SUM<25>        |   10.524|
NUM2<0>        |SUM<26>        |   11.277|
NUM2<0>        |SUM<27>        |   11.265|
NUM2<0>        |SUM<28>        |   11.171|
NUM2<0>        |SUM<29>        |   11.261|
NUM2<0>        |SUM<30>        |   11.572|
NUM2<0>        |SUM<31>        |   11.436|
NUM2<1>        |SUM<1>         |   11.327|
NUM2<1>        |SUM<2>         |   11.171|
NUM2<1>        |SUM<3>         |   11.200|
NUM2<1>        |SUM<4>         |   11.440|
NUM2<1>        |SUM<5>         |   11.447|
NUM2<1>        |SUM<6>         |   11.213|
NUM2<1>        |SUM<7>         |   11.164|
NUM2<1>        |SUM<8>         |   11.123|
NUM2<1>        |SUM<9>         |   11.189|
NUM2<1>        |SUM<10>        |   11.013|
NUM2<1>        |SUM<11>        |   11.074|
NUM2<1>        |SUM<12>        |   10.371|
NUM2<1>        |SUM<13>        |   10.434|
NUM2<1>        |SUM<14>        |   10.382|
NUM2<1>        |SUM<15>        |   10.601|
NUM2<1>        |SUM<16>        |   10.181|
NUM2<1>        |SUM<17>        |   10.341|
NUM2<1>        |SUM<18>        |   10.310|
NUM2<1>        |SUM<19>        |   10.562|
NUM2<1>        |SUM<20>        |   10.456|
NUM2<1>        |SUM<21>        |   10.420|
NUM2<1>        |SUM<22>        |   10.185|
NUM2<1>        |SUM<23>        |   10.383|
NUM2<1>        |SUM<24>        |   10.339|
NUM2<1>        |SUM<25>        |   10.295|
NUM2<1>        |SUM<26>        |   11.048|
NUM2<1>        |SUM<27>        |   11.036|
NUM2<1>        |SUM<28>        |   10.942|
NUM2<1>        |SUM<29>        |   11.032|
NUM2<1>        |SUM<30>        |   11.343|
NUM2<1>        |SUM<31>        |   11.207|
NUM2<2>        |SUM<2>         |   10.793|
NUM2<2>        |SUM<3>         |   10.799|
NUM2<2>        |SUM<4>         |   11.072|
NUM2<2>        |SUM<5>         |   11.079|
NUM2<2>        |SUM<6>         |   10.845|
NUM2<2>        |SUM<7>         |   10.796|
NUM2<2>        |SUM<8>         |   10.755|
NUM2<2>        |SUM<9>         |   10.821|
NUM2<2>        |SUM<10>        |   10.645|
NUM2<2>        |SUM<11>        |   10.706|
NUM2<2>        |SUM<12>        |   10.003|
NUM2<2>        |SUM<13>        |   10.066|
NUM2<2>        |SUM<14>        |   10.014|
NUM2<2>        |SUM<15>        |   10.233|
NUM2<2>        |SUM<16>        |    9.813|
NUM2<2>        |SUM<17>        |    9.973|
NUM2<2>        |SUM<18>        |    9.942|
NUM2<2>        |SUM<19>        |   10.194|
NUM2<2>        |SUM<20>        |   10.088|
NUM2<2>        |SUM<21>        |   10.052|
NUM2<2>        |SUM<22>        |    9.817|
NUM2<2>        |SUM<23>        |   10.015|
NUM2<2>        |SUM<24>        |    9.971|
NUM2<2>        |SUM<25>        |    9.927|
NUM2<2>        |SUM<26>        |   10.680|
NUM2<2>        |SUM<27>        |   10.668|
NUM2<2>        |SUM<28>        |   10.574|
NUM2<2>        |SUM<29>        |   10.664|
NUM2<2>        |SUM<30>        |   10.975|
NUM2<2>        |SUM<31>        |   10.839|
NUM2<3>        |SUM<3>         |   11.057|
NUM2<3>        |SUM<4>         |   11.356|
NUM2<3>        |SUM<5>         |   11.363|
NUM2<3>        |SUM<6>         |   11.129|
NUM2<3>        |SUM<7>         |   11.080|
NUM2<3>        |SUM<8>         |   11.039|
NUM2<3>        |SUM<9>         |   11.105|
NUM2<3>        |SUM<10>        |   10.929|
NUM2<3>        |SUM<11>        |   10.990|
NUM2<3>        |SUM<12>        |   10.287|
NUM2<3>        |SUM<13>        |   10.350|
NUM2<3>        |SUM<14>        |   10.298|
NUM2<3>        |SUM<15>        |   10.517|
NUM2<3>        |SUM<16>        |   10.097|
NUM2<3>        |SUM<17>        |   10.257|
NUM2<3>        |SUM<18>        |   10.226|
NUM2<3>        |SUM<19>        |   10.478|
NUM2<3>        |SUM<20>        |   10.372|
NUM2<3>        |SUM<21>        |   10.336|
NUM2<3>        |SUM<22>        |   10.101|
NUM2<3>        |SUM<23>        |   10.299|
NUM2<3>        |SUM<24>        |   10.255|
NUM2<3>        |SUM<25>        |   10.211|
NUM2<3>        |SUM<26>        |   10.964|
NUM2<3>        |SUM<27>        |   10.952|
NUM2<3>        |SUM<28>        |   10.858|
NUM2<3>        |SUM<29>        |   10.948|
NUM2<3>        |SUM<30>        |   11.259|
NUM2<3>        |SUM<31>        |   11.123|
NUM2<4>        |SUM<4>         |   11.620|
NUM2<4>        |SUM<5>         |   11.606|
NUM2<4>        |SUM<6>         |   11.501|
NUM2<4>        |SUM<7>         |   11.440|
NUM2<4>        |SUM<8>         |   11.438|
NUM2<4>        |SUM<9>         |   11.504|
NUM2<4>        |SUM<10>        |   11.328|
NUM2<4>        |SUM<11>        |   11.389|
NUM2<4>        |SUM<12>        |   10.686|
NUM2<4>        |SUM<13>        |   10.749|
NUM2<4>        |SUM<14>        |   10.697|
NUM2<4>        |SUM<15>        |   10.916|
NUM2<4>        |SUM<16>        |   10.496|
NUM2<4>        |SUM<17>        |   10.656|
NUM2<4>        |SUM<18>        |   10.625|
NUM2<4>        |SUM<19>        |   10.877|
NUM2<4>        |SUM<20>        |   10.771|
NUM2<4>        |SUM<21>        |   10.735|
NUM2<4>        |SUM<22>        |   10.500|
NUM2<4>        |SUM<23>        |   10.698|
NUM2<4>        |SUM<24>        |   10.654|
NUM2<4>        |SUM<25>        |   10.610|
NUM2<4>        |SUM<26>        |   11.363|
NUM2<4>        |SUM<27>        |   11.351|
NUM2<4>        |SUM<28>        |   11.257|
NUM2<4>        |SUM<29>        |   11.347|
NUM2<4>        |SUM<30>        |   11.658|
NUM2<4>        |SUM<31>        |   11.522|
NUM2<5>        |SUM<5>         |   11.187|
NUM2<5>        |SUM<6>         |   11.134|
NUM2<5>        |SUM<7>         |   11.089|
NUM2<5>        |SUM<8>         |   11.083|
NUM2<5>        |SUM<9>         |   11.149|
NUM2<5>        |SUM<10>        |   10.973|
NUM2<5>        |SUM<11>        |   11.034|
NUM2<5>        |SUM<12>        |   10.331|
NUM2<5>        |SUM<13>        |   10.394|
NUM2<5>        |SUM<14>        |   10.342|
NUM2<5>        |SUM<15>        |   10.561|
NUM2<5>        |SUM<16>        |   10.141|
NUM2<5>        |SUM<17>        |   10.301|
NUM2<5>        |SUM<18>        |   10.270|
NUM2<5>        |SUM<19>        |   10.522|
NUM2<5>        |SUM<20>        |   10.416|
NUM2<5>        |SUM<21>        |   10.380|
NUM2<5>        |SUM<22>        |   10.145|
NUM2<5>        |SUM<23>        |   10.343|
NUM2<5>        |SUM<24>        |   10.299|
NUM2<5>        |SUM<25>        |   10.255|
NUM2<5>        |SUM<26>        |   11.008|
NUM2<5>        |SUM<27>        |   10.996|
NUM2<5>        |SUM<28>        |   10.902|
NUM2<5>        |SUM<29>        |   10.992|
NUM2<5>        |SUM<30>        |   11.303|
NUM2<5>        |SUM<31>        |   11.167|
NUM2<6>        |SUM<6>         |   10.874|
NUM2<6>        |SUM<7>         |   10.806|
NUM2<6>        |SUM<8>         |   10.833|
NUM2<6>        |SUM<9>         |   10.899|
NUM2<6>        |SUM<10>        |   10.723|
NUM2<6>        |SUM<11>        |   10.784|
NUM2<6>        |SUM<12>        |   10.081|
NUM2<6>        |SUM<13>        |   10.144|
NUM2<6>        |SUM<14>        |   10.092|
NUM2<6>        |SUM<15>        |   10.311|
NUM2<6>        |SUM<16>        |    9.891|
NUM2<6>        |SUM<17>        |   10.051|
NUM2<6>        |SUM<18>        |   10.020|
NUM2<6>        |SUM<19>        |   10.272|
NUM2<6>        |SUM<20>        |   10.166|
NUM2<6>        |SUM<21>        |   10.130|
NUM2<6>        |SUM<22>        |    9.895|
NUM2<6>        |SUM<23>        |   10.093|
NUM2<6>        |SUM<24>        |   10.049|
NUM2<6>        |SUM<25>        |   10.005|
NUM2<6>        |SUM<26>        |   10.758|
NUM2<6>        |SUM<27>        |   10.746|
NUM2<6>        |SUM<28>        |   10.652|
NUM2<6>        |SUM<29>        |   10.742|
NUM2<6>        |SUM<30>        |   11.053|
NUM2<6>        |SUM<31>        |   10.917|
NUM2<7>        |SUM<7>         |   11.059|
NUM2<7>        |SUM<8>         |   11.112|
NUM2<7>        |SUM<9>         |   11.178|
NUM2<7>        |SUM<10>        |   11.002|
NUM2<7>        |SUM<11>        |   11.063|
NUM2<7>        |SUM<12>        |   10.360|
NUM2<7>        |SUM<13>        |   10.423|
NUM2<7>        |SUM<14>        |   10.371|
NUM2<7>        |SUM<15>        |   10.590|
NUM2<7>        |SUM<16>        |   10.170|
NUM2<7>        |SUM<17>        |   10.330|
NUM2<7>        |SUM<18>        |   10.299|
NUM2<7>        |SUM<19>        |   10.551|
NUM2<7>        |SUM<20>        |   10.445|
NUM2<7>        |SUM<21>        |   10.409|
NUM2<7>        |SUM<22>        |   10.174|
NUM2<7>        |SUM<23>        |   10.372|
NUM2<7>        |SUM<24>        |   10.328|
NUM2<7>        |SUM<25>        |   10.284|
NUM2<7>        |SUM<26>        |   11.037|
NUM2<7>        |SUM<27>        |   11.025|
NUM2<7>        |SUM<28>        |   10.931|
NUM2<7>        |SUM<29>        |   11.021|
NUM2<7>        |SUM<30>        |   11.332|
NUM2<7>        |SUM<31>        |   11.196|
NUM2<8>        |SUM<8>         |   11.120|
NUM2<8>        |SUM<9>         |   11.165|
NUM2<8>        |SUM<10>        |   11.118|
NUM2<8>        |SUM<11>        |   11.167|
NUM2<8>        |SUM<12>        |   10.503|
NUM2<8>        |SUM<13>        |   10.566|
NUM2<8>        |SUM<14>        |   10.514|
NUM2<8>        |SUM<15>        |   10.733|
NUM2<8>        |SUM<16>        |   10.313|
NUM2<8>        |SUM<17>        |   10.473|
NUM2<8>        |SUM<18>        |   10.442|
NUM2<8>        |SUM<19>        |   10.694|
NUM2<8>        |SUM<20>        |   10.588|
NUM2<8>        |SUM<21>        |   10.552|
NUM2<8>        |SUM<22>        |   10.317|
NUM2<8>        |SUM<23>        |   10.515|
NUM2<8>        |SUM<24>        |   10.471|
NUM2<8>        |SUM<25>        |   10.427|
NUM2<8>        |SUM<26>        |   11.180|
NUM2<8>        |SUM<27>        |   11.168|
NUM2<8>        |SUM<28>        |   11.074|
NUM2<8>        |SUM<29>        |   11.164|
NUM2<8>        |SUM<30>        |   11.475|
NUM2<8>        |SUM<31>        |   11.339|
NUM2<9>        |SUM<9>         |   10.997|
NUM2<9>        |SUM<10>        |   11.002|
NUM2<9>        |SUM<11>        |   11.067|
NUM2<9>        |SUM<12>        |   10.399|
NUM2<9>        |SUM<13>        |   10.462|
NUM2<9>        |SUM<14>        |   10.410|
NUM2<9>        |SUM<15>        |   10.629|
NUM2<9>        |SUM<16>        |   10.209|
NUM2<9>        |SUM<17>        |   10.369|
NUM2<9>        |SUM<18>        |   10.338|
NUM2<9>        |SUM<19>        |   10.590|
NUM2<9>        |SUM<20>        |   10.484|
NUM2<9>        |SUM<21>        |   10.448|
NUM2<9>        |SUM<22>        |   10.213|
NUM2<9>        |SUM<23>        |   10.411|
NUM2<9>        |SUM<24>        |   10.367|
NUM2<9>        |SUM<25>        |   10.323|
NUM2<9>        |SUM<26>        |   11.076|
NUM2<9>        |SUM<27>        |   11.064|
NUM2<9>        |SUM<28>        |   10.970|
NUM2<9>        |SUM<29>        |   11.060|
NUM2<9>        |SUM<30>        |   11.371|
NUM2<9>        |SUM<31>        |   11.235|
NUM2<10>       |SUM<10>        |   10.909|
NUM2<10>       |SUM<11>        |   10.951|
NUM2<10>       |SUM<12>        |   10.316|
NUM2<10>       |SUM<13>        |   10.379|
NUM2<10>       |SUM<14>        |   10.327|
NUM2<10>       |SUM<15>        |   10.546|
NUM2<10>       |SUM<16>        |   10.126|
NUM2<10>       |SUM<17>        |   10.286|
NUM2<10>       |SUM<18>        |   10.255|
NUM2<10>       |SUM<19>        |   10.507|
NUM2<10>       |SUM<20>        |   10.401|
NUM2<10>       |SUM<21>        |   10.365|
NUM2<10>       |SUM<22>        |   10.130|
NUM2<10>       |SUM<23>        |   10.328|
NUM2<10>       |SUM<24>        |   10.284|
NUM2<10>       |SUM<25>        |   10.240|
NUM2<10>       |SUM<26>        |   10.993|
NUM2<10>       |SUM<27>        |   10.981|
NUM2<10>       |SUM<28>        |   10.887|
NUM2<10>       |SUM<29>        |   10.977|
NUM2<10>       |SUM<30>        |   11.288|
NUM2<10>       |SUM<31>        |   11.152|
NUM2<11>       |SUM<11>        |   11.036|
NUM2<11>       |SUM<12>        |   10.427|
NUM2<11>       |SUM<13>        |   10.490|
NUM2<11>       |SUM<14>        |   10.438|
NUM2<11>       |SUM<15>        |   10.657|
NUM2<11>       |SUM<16>        |   10.237|
NUM2<11>       |SUM<17>        |   10.397|
NUM2<11>       |SUM<18>        |   10.366|
NUM2<11>       |SUM<19>        |   10.618|
NUM2<11>       |SUM<20>        |   10.512|
NUM2<11>       |SUM<21>        |   10.476|
NUM2<11>       |SUM<22>        |   10.241|
NUM2<11>       |SUM<23>        |   10.439|
NUM2<11>       |SUM<24>        |   10.395|
NUM2<11>       |SUM<25>        |   10.351|
NUM2<11>       |SUM<26>        |   11.104|
NUM2<11>       |SUM<27>        |   11.092|
NUM2<11>       |SUM<28>        |   10.998|
NUM2<11>       |SUM<29>        |   11.088|
NUM2<11>       |SUM<30>        |   11.399|
NUM2<11>       |SUM<31>        |   11.263|
NUM2<12>       |SUM<12>        |   10.497|
NUM2<12>       |SUM<13>        |   10.539|
NUM2<12>       |SUM<14>        |   10.616|
NUM2<12>       |SUM<15>        |   10.823|
NUM2<12>       |SUM<16>        |   10.442|
NUM2<12>       |SUM<17>        |   10.602|
NUM2<12>       |SUM<18>        |   10.571|
NUM2<12>       |SUM<19>        |   10.823|
NUM2<12>       |SUM<20>        |   10.717|
NUM2<12>       |SUM<21>        |   10.681|
NUM2<12>       |SUM<22>        |   10.446|
NUM2<12>       |SUM<23>        |   10.644|
NUM2<12>       |SUM<24>        |   10.600|
NUM2<12>       |SUM<25>        |   10.556|
NUM2<12>       |SUM<26>        |   11.309|
NUM2<12>       |SUM<27>        |   11.297|
NUM2<12>       |SUM<28>        |   11.203|
NUM2<12>       |SUM<29>        |   11.293|
NUM2<12>       |SUM<30>        |   11.604|
NUM2<12>       |SUM<31>        |   11.468|
NUM2<13>       |SUM<13>        |    9.594|
NUM2<13>       |SUM<14>        |    9.723|
NUM2<13>       |SUM<15>        |    9.946|
NUM2<13>       |SUM<16>        |    9.561|
NUM2<13>       |SUM<17>        |    9.721|
NUM2<13>       |SUM<18>        |    9.690|
NUM2<13>       |SUM<19>        |    9.942|
NUM2<13>       |SUM<20>        |    9.836|
NUM2<13>       |SUM<21>        |    9.800|
NUM2<13>       |SUM<22>        |    9.565|
NUM2<13>       |SUM<23>        |    9.763|
NUM2<13>       |SUM<24>        |    9.719|
NUM2<13>       |SUM<25>        |    9.675|
NUM2<13>       |SUM<26>        |   10.428|
NUM2<13>       |SUM<27>        |   10.416|
NUM2<13>       |SUM<28>        |   10.322|
NUM2<13>       |SUM<29>        |   10.412|
NUM2<13>       |SUM<30>        |   10.723|
NUM2<13>       |SUM<31>        |   10.587|
NUM2<14>       |SUM<14>        |   10.653|
NUM2<14>       |SUM<15>        |   10.853|
NUM2<14>       |SUM<16>        |   10.501|
NUM2<14>       |SUM<17>        |   10.661|
NUM2<14>       |SUM<18>        |   10.630|
NUM2<14>       |SUM<19>        |   10.882|
NUM2<14>       |SUM<20>        |   10.776|
NUM2<14>       |SUM<21>        |   10.740|
NUM2<14>       |SUM<22>        |   10.505|
NUM2<14>       |SUM<23>        |   10.703|
NUM2<14>       |SUM<24>        |   10.659|
NUM2<14>       |SUM<25>        |   10.615|
NUM2<14>       |SUM<26>        |   11.368|
NUM2<14>       |SUM<27>        |   11.356|
NUM2<14>       |SUM<28>        |   11.262|
NUM2<14>       |SUM<29>        |   11.352|
NUM2<14>       |SUM<30>        |   11.663|
NUM2<14>       |SUM<31>        |   11.527|
NUM2<15>       |SUM<15>        |    9.758|
NUM2<15>       |SUM<16>        |    9.432|
NUM2<15>       |SUM<17>        |    9.592|
NUM2<15>       |SUM<18>        |    9.561|
NUM2<15>       |SUM<19>        |    9.813|
NUM2<15>       |SUM<20>        |    9.707|
NUM2<15>       |SUM<21>        |    9.671|
NUM2<15>       |SUM<22>        |    9.436|
NUM2<15>       |SUM<23>        |    9.634|
NUM2<15>       |SUM<24>        |    9.590|
NUM2<15>       |SUM<25>        |    9.546|
NUM2<15>       |SUM<26>        |   10.299|
NUM2<15>       |SUM<27>        |   10.287|
NUM2<15>       |SUM<28>        |   10.193|
NUM2<15>       |SUM<29>        |   10.283|
NUM2<15>       |SUM<30>        |   10.594|
NUM2<15>       |SUM<31>        |   10.458|
NUM2<16>       |SUM<16>        |    9.655|
NUM2<16>       |SUM<17>        |    9.794|
NUM2<16>       |SUM<18>        |    9.892|
NUM2<16>       |SUM<19>        |   10.132|
NUM2<16>       |SUM<20>        |   10.065|
NUM2<16>       |SUM<21>        |   10.029|
NUM2<16>       |SUM<22>        |    9.794|
NUM2<16>       |SUM<23>        |    9.992|
NUM2<16>       |SUM<24>        |    9.948|
NUM2<16>       |SUM<25>        |    9.904|
NUM2<16>       |SUM<26>        |   10.657|
NUM2<16>       |SUM<27>        |   10.645|
NUM2<16>       |SUM<28>        |   10.551|
NUM2<16>       |SUM<29>        |   10.641|
NUM2<16>       |SUM<30>        |   10.952|
NUM2<16>       |SUM<31>        |   10.816|
NUM2<17>       |SUM<17>        |   10.180|
NUM2<17>       |SUM<18>        |   10.330|
NUM2<17>       |SUM<19>        |   10.586|
NUM2<17>       |SUM<20>        |   10.515|
NUM2<17>       |SUM<21>        |   10.479|
NUM2<17>       |SUM<22>        |   10.244|
NUM2<17>       |SUM<23>        |   10.442|
NUM2<17>       |SUM<24>        |   10.398|
NUM2<17>       |SUM<25>        |   10.354|
NUM2<17>       |SUM<26>        |   11.107|
NUM2<17>       |SUM<27>        |   11.095|
NUM2<17>       |SUM<28>        |   11.001|
NUM2<17>       |SUM<29>        |   11.091|
NUM2<17>       |SUM<30>        |   11.402|
NUM2<17>       |SUM<31>        |   11.266|
NUM2<18>       |SUM<18>        |    9.715|
NUM2<18>       |SUM<19>        |    9.948|
NUM2<18>       |SUM<20>        |    9.910|
NUM2<18>       |SUM<21>        |    9.874|
NUM2<18>       |SUM<22>        |    9.639|
NUM2<18>       |SUM<23>        |    9.837|
NUM2<18>       |SUM<24>        |    9.793|
NUM2<18>       |SUM<25>        |    9.749|
NUM2<18>       |SUM<26>        |   10.502|
NUM2<18>       |SUM<27>        |   10.490|
NUM2<18>       |SUM<28>        |   10.396|
NUM2<18>       |SUM<29>        |   10.486|
NUM2<18>       |SUM<30>        |   10.797|
NUM2<18>       |SUM<31>        |   10.661|
NUM2<19>       |SUM<19>        |    9.813|
NUM2<19>       |SUM<20>        |    9.801|
NUM2<19>       |SUM<21>        |    9.765|
NUM2<19>       |SUM<22>        |    9.530|
NUM2<19>       |SUM<23>        |    9.728|
NUM2<19>       |SUM<24>        |    9.684|
NUM2<19>       |SUM<25>        |    9.640|
NUM2<19>       |SUM<26>        |   10.393|
NUM2<19>       |SUM<27>        |   10.381|
NUM2<19>       |SUM<28>        |   10.287|
NUM2<19>       |SUM<29>        |   10.377|
NUM2<19>       |SUM<30>        |   10.688|
NUM2<19>       |SUM<31>        |   10.552|
NUM2<20>       |SUM<20>        |    9.900|
NUM2<20>       |SUM<21>        |    9.843|
NUM2<20>       |SUM<22>        |    9.737|
NUM2<20>       |SUM<23>        |    9.923|
NUM2<20>       |SUM<24>        |    9.918|
NUM2<20>       |SUM<25>        |    9.874|
NUM2<20>       |SUM<26>        |   10.627|
NUM2<20>       |SUM<27>        |   10.615|
NUM2<20>       |SUM<28>        |   10.521|
NUM2<20>       |SUM<29>        |   10.611|
NUM2<20>       |SUM<30>        |   10.922|
NUM2<20>       |SUM<31>        |   10.786|
NUM2<21>       |SUM<21>        |   10.051|
NUM2<21>       |SUM<22>        |    9.997|
NUM2<21>       |SUM<23>        |   10.199|
NUM2<21>       |SUM<24>        |   10.190|
NUM2<21>       |SUM<25>        |   10.146|
NUM2<21>       |SUM<26>        |   10.899|
NUM2<21>       |SUM<27>        |   10.887|
NUM2<21>       |SUM<28>        |   10.793|
NUM2<21>       |SUM<29>        |   10.883|
NUM2<21>       |SUM<30>        |   11.194|
NUM2<21>       |SUM<31>        |   11.058|
NUM2<22>       |SUM<22>        |    9.842|
NUM2<22>       |SUM<23>        |   10.021|
NUM2<22>       |SUM<24>        |   10.045|
NUM2<22>       |SUM<25>        |   10.001|
NUM2<22>       |SUM<26>        |   10.754|
NUM2<22>       |SUM<27>        |   10.742|
NUM2<22>       |SUM<28>        |   10.648|
NUM2<22>       |SUM<29>        |   10.738|
NUM2<22>       |SUM<30>        |   11.049|
NUM2<22>       |SUM<31>        |   10.913|
NUM2<23>       |SUM<23>        |    9.983|
NUM2<23>       |SUM<24>        |   10.033|
NUM2<23>       |SUM<25>        |    9.989|
NUM2<23>       |SUM<26>        |   10.742|
NUM2<23>       |SUM<27>        |   10.730|
NUM2<23>       |SUM<28>        |   10.636|
NUM2<23>       |SUM<29>        |   10.726|
NUM2<23>       |SUM<30>        |   11.037|
NUM2<23>       |SUM<31>        |   10.901|
NUM2<24>       |SUM<24>        |    9.846|
NUM2<24>       |SUM<25>        |    9.781|
NUM2<24>       |SUM<26>        |   10.663|
NUM2<24>       |SUM<27>        |   10.639|
NUM2<24>       |SUM<28>        |   10.584|
NUM2<24>       |SUM<29>        |   10.674|
NUM2<24>       |SUM<30>        |   10.985|
NUM2<24>       |SUM<31>        |   10.849|
NUM2<25>       |SUM<25>        |    9.819|
NUM2<25>       |SUM<26>        |   10.753|
NUM2<25>       |SUM<27>        |   10.745|
NUM2<25>       |SUM<28>        |   10.686|
NUM2<25>       |SUM<29>        |   10.776|
NUM2<25>       |SUM<30>        |   11.087|
NUM2<25>       |SUM<31>        |   10.951|
NUM2<26>       |SUM<26>        |   10.659|
NUM2<26>       |SUM<27>        |   10.628|
NUM2<26>       |SUM<28>        |   10.602|
NUM2<26>       |SUM<29>        |   10.692|
NUM2<26>       |SUM<30>        |   11.003|
NUM2<26>       |SUM<31>        |   10.867|
NUM2<27>       |SUM<27>        |   10.512|
NUM2<27>       |SUM<28>        |   10.512|
NUM2<27>       |SUM<29>        |   10.602|
NUM2<27>       |SUM<30>        |   10.913|
NUM2<27>       |SUM<31>        |   10.777|
NUM2<28>       |SUM<28>        |   10.858|
NUM2<28>       |SUM<29>        |   10.927|
NUM2<28>       |SUM<30>        |   11.367|
NUM2<28>       |SUM<31>        |   11.219|
NUM2<29>       |SUM<29>        |   10.231|
NUM2<29>       |SUM<30>        |   10.723|
NUM2<29>       |SUM<31>        |   10.591|
NUM2<30>       |SUM<30>        |   10.582|
NUM2<30>       |SUM<31>        |   10.427|
NUM2<31>       |SUM<31>        |   10.299|
---------------+---------------+---------+


Analysis completed Mon Aug 24 15:48:34 2020 
--------------------------------------------------------------------------------

Trace Settings:
-------------------------
Trace Settings 

Peak Memory Usage: 4573 MB



