--------------------------------------------------------------------------------
Release 14.7 Trace  (nt64)
Copyright (c) 1995-2013 Xilinx, Inc.  All rights reserved.

D:\Xilinx\14.7\ISE_DS\ISE\bin\nt64\unwrapped\trce.exe -intstyle ise -v 3 -s 3
-n 3 -fastpaths -xml extender.twx extender.ncd -o extender.twr extender.pcf

Design file:              extender.ncd
Physical constraint file: extender.pcf
Device,package,speed:     xc6slx16,csg324,C,-3 (PRODUCTION 1.23 2013-10-13)
Report level:             verbose report

Environment Variable      Effect 
--------------------      ------ 
NONE                      No environment variables were set
--------------------------------------------------------------------------------

INFO:Timing:2698 - No timing constraints found, doing default enumeration.
INFO:Timing:3412 - To improve timing, see the Timing Closure User Guide (UG612).
INFO:Timing:2752 - To get complete path coverage, use the unconstrained paths 
   option. All paths that are not constrained will be reported in the 
   unconstrained paths section(s) of the report.
INFO:Timing:3339 - The clock-to-out numbers in this timing report are based on 
   a 50 Ohm transmission line loading model.  For the details of this model, 
   and for more information on accounting for different loading conditions, 
   please see the device datasheet.



Data Sheet report:
-----------------
All values displayed in nanoseconds (ns)

Pad to Pad
---------------+---------------+---------+
Source Pad     |Destination Pad|  Delay  |
---------------+---------------+---------+
A<0>           |B<0>           |    5.412|
A<1>           |B<1>           |    5.364|
A<2>           |B<2>           |    5.845|
A<3>           |B<3>           |    5.684|
A<4>           |B<4>           |    5.873|
A<5>           |B<5>           |    5.689|
A<6>           |B<6>           |    6.261|
A<7>           |B<7>           |    6.076|
A<8>           |B<8>           |    5.795|
A<9>           |B<9>           |    6.186|
A<10>          |B<10>          |    6.077|
A<11>          |B<11>          |    5.879|
A<12>          |B<12>          |    5.918|
A<13>          |B<13>          |    5.814|
A<14>          |B<14>          |    5.821|
A<15>          |B<15>          |    5.895|
A<15>          |B<16>          |    6.277|
A<15>          |B<17>          |    6.116|
A<15>          |B<18>          |    5.884|
A<15>          |B<19>          |    5.865|
A<15>          |B<20>          |    6.469|
A<15>          |B<21>          |    6.308|
A<15>          |B<22>          |    6.127|
A<15>          |B<23>          |    6.099|
A<15>          |B<24>          |    6.474|
A<15>          |B<25>          |    6.452|
A<15>          |B<26>          |    6.553|
A<15>          |B<27>          |    6.527|
A<15>          |B<28>          |    6.909|
A<15>          |B<29>          |    6.883|
A<15>          |B<30>          |    6.966|
A<15>          |B<31>          |    6.953|
---------------+---------------+---------+


Analysis completed Mon Aug 24 15:52:28 2020 
--------------------------------------------------------------------------------

Trace Settings:
-------------------------
Trace Settings 

Peak Memory Usage: 4574 MB



