--------------------------------------------------------------------------------
Release 14.7 Trace  (nt64)
Copyright (c) 1995-2013 Xilinx, Inc.  All rights reserved.

D:\Xilinx\14.7\ISE_DS\ISE\bin\nt64\unwrapped\trce.exe -intstyle ise -v 3 -s 3
-n 3 -fastpaths -xml Program_counter.twx Program_counter.ncd -o
Program_counter.twr Program_counter.pcf

Design file:              Program_counter.ncd
Physical constraint file: Program_counter.pcf
Device,package,speed:     xc6slx16,csg324,C,-3 (PRODUCTION 1.23 2013-10-13)
Report level:             verbose report

Environment Variable      Effect 
--------------------      ------ 
NONE                      No environment variables were set
--------------------------------------------------------------------------------

INFO:Timing:2698 - No timing constraints found, doing default enumeration.
INFO:Timing:3412 - To improve timing, see the Timing Closure User Guide (UG612).
INFO:Timing:2752 - To get complete path coverage, use the unconstrained paths 
   option. All paths that are not constrained will be reported in the 
   unconstrained paths section(s) of the report.
INFO:Timing:3339 - The clock-to-out numbers in this timing report are based on 
   a 50 Ohm transmission line loading model.  For the details of this model, 
   and for more information on accounting for different loading conditions, 
   please see the device datasheet.



Data Sheet report:
-----------------
All values displayed in nanoseconds (ns)

Setup/Hold to clock CLK
------------+------------+------------+------------+------------+------------------+--------+
            |Max Setup to|  Process   |Max Hold to |  Process   |                  | Clock  |
Source      | clk (edge) |   Corner   | clk (edge) |   Corner   |Internal Clock(s) | Phase  |
------------+------------+------------+------------+------------+------------------+--------+
D<0>        |    0.044(F)|      FAST  |    1.212(F)|      SLOW  |CLK_BUFGP         |   0.000|
D<1>        |    0.013(F)|      FAST  |    1.257(F)|      SLOW  |CLK_BUFGP         |   0.000|
D<2>        |   -0.016(F)|      FAST  |    1.272(F)|      SLOW  |CLK_BUFGP         |   0.000|
D<3>        |   -0.047(F)|      FAST  |    1.317(F)|      SLOW  |CLK_BUFGP         |   0.000|
D<4>        |    0.046(F)|      FAST  |    1.210(F)|      SLOW  |CLK_BUFGP         |   0.000|
D<5>        |    0.015(F)|      FAST  |    1.255(F)|      SLOW  |CLK_BUFGP         |   0.000|
D<6>        |   -0.014(F)|      FAST  |    1.270(F)|      SLOW  |CLK_BUFGP         |   0.000|
D<7>        |   -0.045(F)|      FAST  |    1.315(F)|      SLOW  |CLK_BUFGP         |   0.000|
D<8>        |    0.054(F)|      FAST  |    1.202(F)|      SLOW  |CLK_BUFGP         |   0.000|
D<9>        |    0.023(F)|      FAST  |    1.247(F)|      SLOW  |CLK_BUFGP         |   0.000|
D<10>       |   -0.007(F)|      FAST  |    1.263(F)|      SLOW  |CLK_BUFGP         |   0.000|
D<11>       |   -0.038(F)|      FAST  |    1.308(F)|      SLOW  |CLK_BUFGP         |   0.000|
D<12>       |    0.057(F)|      FAST  |    1.199(F)|      SLOW  |CLK_BUFGP         |   0.000|
D<13>       |    0.026(F)|      FAST  |    1.244(F)|      SLOW  |CLK_BUFGP         |   0.000|
D<14>       |   -0.003(F)|      FAST  |    1.259(F)|      SLOW  |CLK_BUFGP         |   0.000|
D<15>       |   -0.034(F)|      FAST  |    1.304(F)|      SLOW  |CLK_BUFGP         |   0.000|
D<16>       |    0.070(F)|      FAST  |    1.186(F)|      SLOW  |CLK_BUFGP         |   0.000|
D<17>       |    0.039(F)|      FAST  |    1.231(F)|      SLOW  |CLK_BUFGP         |   0.000|
D<18>       |    0.010(F)|      FAST  |    1.246(F)|      SLOW  |CLK_BUFGP         |   0.000|
D<19>       |   -0.021(F)|      FAST  |    1.291(F)|      SLOW  |CLK_BUFGP         |   0.000|
D<20>       |    0.077(F)|      FAST  |    1.179(F)|      SLOW  |CLK_BUFGP         |   0.000|
D<21>       |    0.046(F)|      FAST  |    1.224(F)|      SLOW  |CLK_BUFGP         |   0.000|
D<22>       |    0.086(F)|      FAST  |    1.170(F)|      SLOW  |CLK_BUFGP         |   0.000|
D<23>       |    0.055(F)|      FAST  |    1.215(F)|      SLOW  |CLK_BUFGP         |   0.000|
D<24>       |    0.025(F)|      FAST  |    1.231(F)|      SLOW  |CLK_BUFGP         |   0.000|
D<25>       |   -0.006(F)|      FAST  |    1.276(F)|      SLOW  |CLK_BUFGP         |   0.000|
D<26>       |    0.091(F)|      FAST  |    1.165(F)|      SLOW  |CLK_BUFGP         |   0.000|
D<27>       |    0.060(F)|      FAST  |    1.210(F)|      SLOW  |CLK_BUFGP         |   0.000|
D<28>       |    0.030(F)|      FAST  |    1.226(F)|      SLOW  |CLK_BUFGP         |   0.000|
D<29>       |   -0.001(F)|      FAST  |    1.271(F)|      SLOW  |CLK_BUFGP         |   0.000|
D<30>       |    0.033(F)|      FAST  |    1.223(F)|      SLOW  |CLK_BUFGP         |   0.000|
D<31>       |    0.002(F)|      FAST  |    1.268(F)|      SLOW  |CLK_BUFGP         |   0.000|
RESET       |    2.810(F)|      SLOW  |   -0.274(F)|      SLOW  |CLK_BUFGP         |   0.000|
------------+------------+------------+------------+------------+------------------+--------+

Clock CLK to Pad
------------+-----------------+------------+-----------------+------------+------------------+--------+
            |Max (slowest) clk|  Process   |Min (fastest) clk|  Process   |                  | Clock  |
Destination |  (edge) to PAD  |   Corner   |  (edge) to PAD  |   Corner   |Internal Clock(s) | Phase  |
------------+-----------------+------------+-----------------+------------+------------------+--------+
Q<0>        |         9.105(F)|      SLOW  |         4.972(F)|      FAST  |CLK_BUFGP         |   0.000|
Q<1>        |         8.677(F)|      SLOW  |         4.693(F)|      FAST  |CLK_BUFGP         |   0.000|
Q<2>        |         8.891(F)|      SLOW  |         4.810(F)|      FAST  |CLK_BUFGP         |   0.000|
Q<3>        |         9.092(F)|      SLOW  |         4.933(F)|      FAST  |CLK_BUFGP         |   0.000|
Q<4>        |         9.033(F)|      SLOW  |         4.860(F)|      FAST  |CLK_BUFGP         |   0.000|
Q<5>        |         8.575(F)|      SLOW  |         4.622(F)|      FAST  |CLK_BUFGP         |   0.000|
Q<6>        |         9.086(F)|      SLOW  |         4.966(F)|      FAST  |CLK_BUFGP         |   0.000|
Q<7>        |         8.624(F)|      SLOW  |         4.671(F)|      FAST  |CLK_BUFGP         |   0.000|
Q<8>        |         9.182(F)|      SLOW  |         4.986(F)|      FAST  |CLK_BUFGP         |   0.000|
Q<9>        |         9.040(F)|      SLOW  |         4.859(F)|      FAST  |CLK_BUFGP         |   0.000|
Q<10>       |         8.690(F)|      SLOW  |         4.670(F)|      FAST  |CLK_BUFGP         |   0.000|
Q<11>       |         9.409(F)|      SLOW  |         5.053(F)|      FAST  |CLK_BUFGP         |   0.000|
Q<12>       |         8.637(F)|      SLOW  |         4.617(F)|      FAST  |CLK_BUFGP         |   0.000|
Q<13>       |         8.917(F)|      SLOW  |         4.766(F)|      FAST  |CLK_BUFGP         |   0.000|
Q<14>       |         8.980(F)|      SLOW  |         4.860(F)|      FAST  |CLK_BUFGP         |   0.000|
Q<15>       |         9.048(F)|      SLOW  |         4.857(F)|      FAST  |CLK_BUFGP         |   0.000|
Q<16>       |         8.994(F)|      SLOW  |         4.901(F)|      FAST  |CLK_BUFGP         |   0.000|
Q<17>       |         8.998(F)|      SLOW  |         4.770(F)|      FAST  |CLK_BUFGP         |   0.000|
Q<18>       |         9.086(F)|      SLOW  |         4.883(F)|      FAST  |CLK_BUFGP         |   0.000|
Q<19>       |         9.086(F)|      SLOW  |         4.942(F)|      FAST  |CLK_BUFGP         |   0.000|
Q<20>       |         9.034(F)|      SLOW  |         4.886(F)|      FAST  |CLK_BUFGP         |   0.000|
Q<21>       |         9.136(F)|      SLOW  |         5.016(F)|      FAST  |CLK_BUFGP         |   0.000|
Q<22>       |         9.165(F)|      SLOW  |         5.025(F)|      FAST  |CLK_BUFGP         |   0.000|
Q<23>       |         8.839(F)|      SLOW  |         4.812(F)|      FAST  |CLK_BUFGP         |   0.000|
Q<24>       |         8.780(F)|      SLOW  |         4.748(F)|      FAST  |CLK_BUFGP         |   0.000|
Q<25>       |         9.143(F)|      SLOW  |         5.051(F)|      FAST  |CLK_BUFGP         |   0.000|
Q<26>       |         8.667(F)|      SLOW  |         4.649(F)|      FAST  |CLK_BUFGP         |   0.000|
Q<27>       |         8.863(F)|      SLOW  |         4.843(F)|      FAST  |CLK_BUFGP         |   0.000|
Q<28>       |         8.845(F)|      SLOW  |         4.751(F)|      FAST  |CLK_BUFGP         |   0.000|
Q<29>       |         8.928(F)|      SLOW  |         4.793(F)|      FAST  |CLK_BUFGP         |   0.000|
Q<30>       |         8.645(F)|      SLOW  |         4.577(F)|      FAST  |CLK_BUFGP         |   0.000|
Q<31>       |         8.494(F)|      SLOW  |         4.472(F)|      FAST  |CLK_BUFGP         |   0.000|
------------+-----------------+------------+-----------------+------------+------------------+--------+


Analysis completed Tue Aug 18 16:10:11 2020 
--------------------------------------------------------------------------------

Trace Settings:
-------------------------
Trace Settings 

Peak Memory Usage: 4574 MB



