--------------------------------------------------------------------------------
Release 14.7 Trace  (nt64)
Copyright (c) 1995-2013 Xilinx, Inc.  All rights reserved.

D:\Xilinx\14.7\ISE_DS\ISE\bin\nt64\unwrapped\trce.exe -intstyle ise -v 3 -s 3
-n 3 -fastpaths -xml ShiftL2bits.twx ShiftL2bits.ncd -o ShiftL2bits.twr
ShiftL2bits.pcf

Design file:              ShiftL2bits.ncd
Physical constraint file: ShiftL2bits.pcf
Device,package,speed:     xc6slx16,csg324,C,-3 (PRODUCTION 1.23 2013-10-13)
Report level:             verbose report

Environment Variable      Effect 
--------------------      ------ 
NONE                      No environment variables were set
--------------------------------------------------------------------------------

INFO:Timing:2698 - No timing constraints found, doing default enumeration.
INFO:Timing:3412 - To improve timing, see the Timing Closure User Guide (UG612).
INFO:Timing:2752 - To get complete path coverage, use the unconstrained paths 
   option. All paths that are not constrained will be reported in the 
   unconstrained paths section(s) of the report.
INFO:Timing:3339 - The clock-to-out numbers in this timing report are based on 
   a 50 Ohm transmission line loading model.  For the details of this model, 
   and for more information on accounting for different loading conditions, 
   please see the device datasheet.



Data Sheet report:
-----------------
All values displayed in nanoseconds (ns)

Pad to Pad
---------------+---------------+---------+
Source Pad     |Destination Pad|  Delay  |
---------------+---------------+---------+
Input<0>       |Output<2>      |    6.054|
Input<1>       |Output<3>      |    6.280|
Input<2>       |Output<4>      |    6.288|
Input<3>       |Output<5>      |    6.092|
Input<4>       |Output<6>      |    6.190|
Input<5>       |Output<7>      |    6.371|
Input<6>       |Output<8>      |    6.160|
Input<7>       |Output<9>      |    6.249|
Input<8>       |Output<10>     |    6.228|
Input<9>       |Output<11>     |    6.044|
Input<10>      |Output<12>     |    6.345|
Input<11>      |Output<13>     |    6.319|
Input<12>      |Output<14>     |    6.569|
Input<13>      |Output<15>     |    6.272|
Input<14>      |Output<16>     |    6.482|
Input<15>      |Output<17>     |    6.539|
Input<16>      |Output<18>     |    6.737|
Input<17>      |Output<19>     |    6.444|
Input<18>      |Output<20>     |    6.506|
Input<19>      |Output<21>     |    6.783|
Input<20>      |Output<22>     |    7.036|
Input<21>      |Output<23>     |    6.810|
Input<22>      |Output<24>     |    6.953|
Input<23>      |Output<25>     |    6.848|
Input<24>      |Output<26>     |    6.988|
Input<25>      |Output<27>     |    6.940|
---------------+---------------+---------+


Analysis completed Tue Aug 18 15:42:05 2020 
--------------------------------------------------------------------------------

Trace Settings:
-------------------------
Trace Settings 

Peak Memory Usage: 4573 MB



